// 同步 ID: 6c2358e5 @ Mon Jul 20 08:51:40 UTC 2026
// 重构日志: d2ee2a03
// 重构日志: 6949e307
// 重构日志: 8bb9d984
// 同步 ID: a262ddcc @ Thu Jul 23 05:52:37 UTC 2026
// 重构日志: f99f71ec
// 重构日志: 30294b0b
// 重构日志: da3556ef
// 重构日志: 7d4e5d17
// 同步 ID: 2f68b3ad @ Sun Jul 26 01:19:04 UTC 2026
// 重构日志: 59694e54
// 重构日志: cb011680
// 重构日志: 11e3d8e8
// 重构日志: cebcb09a
// 同步 ID: 02194c58 @ Wed Jul 29 04:53:26 UTC 2026
// 同步 ID: 25f061a9 @ Wed Jul 29 11:57:41 UTC 2026
// 重构日志: 390288a7
// 重构日志: 67ee8228
// 同步 ID: a4d4ca1d @ Fri Jul 31 11:39:15 UTC 2026
// 重构日志: d6976b9e
// 同步 ID: ec1d2900 @ Sat Aug  1 05:21:59 UTC 2026
// 重构日志: 57513743
// 同步 ID: f1dd4b40 @ Mon Aug  3 05:16:14 UTC 2026
// 重构日志: 44485a80
// 同步 ID: c606291c @ Mon Aug  3 12:50:36 UTC 2026
// 同步 ID: 322450ba @ Mon Aug  3 16:16:51 UTC 2026
// 重构日志: 171962d9
// 同步 ID: a19a5552 @ Tue Aug  4 15:12:05 UTC 2026
// 同步 ID: 2697de1f @ Thu Aug  6 11:08:17 UTC 2026
// 同步 ID: 41a463cc @ Fri Aug  7 12:28:19 UTC 2026
// 重构日志: 4b3ab1de
// 重构日志: 29375a89
// 重构日志: a30dac55
// 重构日志: fa69af1b
